Using device: cuda
Mode: demo
Make plots: True
Save plot files: True
Save models: True
Load only: False
Teacher: thin
Encoder depth: n/a (thin)
Dataset: cifar
Intermediate: linear (W)
Wireless RIS path: False
Compare teachers: False
SimNet E2E only: True
SimNet E2E path: True
Channel: ricean | kappa=33
Channel pools: train=10000 | test=1000
N_t: 16 | N_r: 8 | N_m(wl/SimNet): 64 | N_m(AirFC): 64 | Epochs: 500 | Batch: 256 | LR: 0.001 | weight_decay: 0.0 | SNR: 60 dB | phi_iters: 100 | airfc_phi_iters: 100

=== Training SimNet E2E (reconfig ctrl) | dataset=cifar | teacher=thin | n_t=16, n_r=8, n_m=64, layers=3, epochs=500, encoder_depth=n/a, SNR=60 dB, channel=ricean | kappa=33, train_pool=10000 ===
  [sim] epoch    1/500 | loss 2.3046 | train acc 10.00% | lr 1.00e-03
  [sim] epoch   50/500 | loss 2.3020 | train acc 11.59% | lr 9.76e-04
  [sim] epoch  100/500 | loss 2.3014 | train acc 15.40% | lr 9.05e-04
  [sim] epoch  150/500 | loss 2.3008 | train acc 15.72% | lr 7.94e-04
  [sim] epoch  200/500 | loss 2.3004 | train acc 16.06% | lr 6.55e-04
  [sim] epoch  250/500 | loss 2.3000 | train acc 15.21% | lr 5.00e-04
  [sim] epoch  300/500 | loss 2.2997 | train acc 14.83% | lr 3.45e-04
  [sim] epoch  350/500 | loss 2.2995 | train acc 15.18% | lr 2.06e-04
  [sim] epoch  400/500 | loss 2.2994 | train acc 16.67% | lr 9.55e-05
  [sim] epoch  450/500 | loss 2.2993 | train acc 17.88% | lr 2.45e-05
  [sim] epoch  500/500 | loss 2.2993 | train acc 17.02% | lr 0.00e+00
  saved SimNet model to: /home/mazya/OTA_RIS/cifar/models/cifar_thin_d0_sim_nt16_nr8__epochs500.pt

=== SimNet E2E eval | channel=ricean | kappa=33 | test_pool=1000 ===
simnet acc : 16.98%
